node_modules/@types/react-router-dom/index.d.ts(13,10): error TS2724: '"react-router"' has no exported member named 'match'. Did you mean 'UIMatch'?
node_modules/@types/react-router-dom/index.d.ts(19,5): error TS2305: Module '"react-router"' has no exported member 'PromptProps'.
node_modules/@types/react-router-dom/index.d.ts(20,5): error TS2305: Module '"react-router"' has no exported member 'Prompt'.
node_modules/@types/react-router-dom/index.d.ts(23,5): error TS2305: Module '"react-router"' has no exported member 'RedirectProps'.
node_modules/@types/react-router-dom/index.d.ts(24,5): error TS2724: '"react-router"' has no exported member named 'Redirect'. Did you mean 'redirect'?
node_modules/@types/react-router-dom/index.d.ts(25,5): error TS2305: Module '"react-router"' has no exported member 'RouteChildrenProps'.
node_modules/@types/react-router-dom/index.d.ts(26,5): error TS2305: Module '"react-router"' has no exported member 'RouteComponentProps'.
node_modules/@types/react-router-dom/index.d.ts(31,5): error TS2305: Module '"react-router"' has no exported member 'StaticRouterProps'.
node_modules/@types/react-router-dom/index.d.ts(32,5): error TS2305: Module '"react-router"' has no exported member 'StaticRouter'.
node_modules/@types/react-router-dom/index.d.ts(33,5): error TS2305: Module '"react-router"' has no exported member 'SwitchProps'.
node_modules/@types/react-router-dom/index.d.ts(34,5): error TS2305: Module '"react-router"' has no exported member 'Switch'.
node_modules/@types/react-router-dom/index.d.ts(35,5): error TS2724: '"react-router"' has no exported member named 'match'. Did you mean 'UIMatch'?
node_modules/@types/react-router-dom/index.d.ts(37,5): error TS2305: Module '"react-router"' has no exported member 'withRouter'.
node_modules/@types/react-router-dom/index.d.ts(38,5): error TS2305: Module '"react-router"' has no exported member 'RouterChildContext'.
node_modules/@types/react-router-dom/index.d.ts(39,5): error TS2305: Module '"react-router"' has no exported member 'useHistory'.
node_modules/@types/react-router-dom/index.d.ts(42,5): error TS2724: '"react-router"' has no exported member named 'useRouteMatch'. Did you mean 'RouteMatch'?
src/calculators/IncomeTaxCalculator.tsx(1,8): error TS1259: Module '"C:/Users/HP/Downloads/fincal-main/fincal-main/node_modules/@types/react/index"' can only be default-imported using the 'esModuleInterop' flag
src/calculators/IncomeTaxCalculator.tsx(5,26): error TS6142: Module '../components/BarChart' was resolved to 'C:/Users/HP/Downloads/fincal-main/fincal-main/src/components/BarChart.tsx', but '--jsx' is not set.
src/calculators/IncomeTaxCalculator.tsx(6,23): error TS6142: Module '../components/SEOHelmet' was resolved to 'C:/Users/HP/Downloads/fincal-main/fincal-main/src/components/SEOHelmet.tsx', but '--jsx' is not set.
src/calculators/IncomeTaxCalculator.tsx(7,42): error TS6142: Module '../components/CalculatorContentWrapper' was resolved to 'C:/Users/HP/Downloads/fincal-main/fincal-main/src/components/CalculatorContentWrapper.tsx', but '--jsx' is not set.
src/calculators/IncomeTaxCalculator.tsx(133,5): error TS17004: Cannot use JSX unless the '--jsx' flag is provided.
src/calculators/IncomeTaxCalculator.tsx(134,7): error TS17004: Cannot use JSX unless the '--jsx' flag is provided.
src/calculators/IncomeTaxCalculator.tsx(148,7): error TS17004: Cannot use JSX unless the '--jsx' flag is provided.
src/calculators/IncomeTaxCalculator.tsx(173,7): error TS17004: Cannot use JSX unless the '--jsx' flag is provided.
src/calculators/IncomeTaxCalculator.tsx(175,9): error TS17004: Cannot use JSX unless the '--jsx' flag is provided.
src/calculators/IncomeTaxCalculator.tsx(176,11): error TS17004: Cannot use JSX unless the '--jsx' flag is provided.
src/calculators/IncomeTaxCalculator.tsx(177,13): error TS17004: Cannot use JSX unless the '--jsx' flag is provided.
src/calculators/IncomeTaxCalculator.tsx(178,15): error TS17004: Cannot use JSX unless the '--jsx' flag is provided.
src/calculators/IncomeTaxCalculator.tsx(181,13): error TS17004: Cannot use JSX unless the '--jsx' flag is provided.
src/calculators/IncomeTaxCalculator.tsx(182,37): error TS17004: Cannot use JSX unless the '--jsx' flag is provided.
src/calculators/IncomeTaxCalculator.tsx(182,42): error TS17004: Cannot use JSX unless the '--jsx' flag is provided.
src/calculators/IncomeTaxCalculator.tsx(184,13): error TS17004: Cannot use JSX unless the '--jsx' flag is provided.
src/calculators/IncomeTaxCalculator.tsx(188,13): error TS17004: Cannot use JSX unless the '--jsx' flag is provided.
src/calculators/IncomeTaxCalculator.tsx(189,15): error TS17004: Cannot use JSX unless the '--jsx' flag is provided.
src/calculators/IncomeTaxCalculator.tsx(190,17): error TS17004: Cannot use JSX unless the '--jsx' flag is provided.
src/calculators/IncomeTaxCalculator.tsx(191,17): error TS17004: Cannot use JSX unless the '--jsx' flag is provided.
src/calculators/IncomeTaxCalculator.tsx(193,15): error TS17004: Cannot use JSX unless the '--jsx' flag is provided.
src/calculators/IncomeTaxCalculator.tsx(194,17): error TS17004: Cannot use JSX unless the '--jsx' flag is provided.
src/calculators/IncomeTaxCalculator.tsx(195,17): error TS17004: Cannot use JSX unless the '--jsx' flag is provided.
src/calculators/IncomeTaxCalculator.tsx(202,9): error TS17004: Cannot use JSX unless the '--jsx' flag is provided.
src/calculators/IncomeTaxCalculator.tsx(203,11): error TS17004: Cannot use JSX unless the '--jsx' flag is provided.
src/calculators/IncomeTaxCalculator.tsx(206,13): error TS17004: Cannot use JSX unless the '--jsx' flag is provided.
src/calculators/IncomeTaxCalculator.tsx(209,15): error TS17004: Cannot use JSX unless the '--jsx' flag is provided.
src/calculators/IncomeTaxCalculator.tsx(210,17): error TS17004: Cannot use JSX unless the '--jsx' flag is provided.
src/calculators/IncomeTaxCalculator.tsx(211,19): error TS17004: Cannot use JSX unless the '--jsx' flag is provided.
src/calculators/IncomeTaxCalculator.tsx(212,21): error TS17004: Cannot use JSX unless the '--jsx' flag is provided.
src/calculators/IncomeTaxCalculator.tsx(213,21): error TS17004: Cannot use JSX unless the '--jsx' flag is provided.
src/calculators/IncomeTaxCalculator.tsx(215,25): error TS17004: Cannot use JSX unless the '--jsx' flag is provided.
src/calculators/IncomeTaxCalculator.tsx(223,19): error TS17004: Cannot use JSX unless the '--jsx' flag is provided.
src/calculators/IncomeTaxCalculator.tsx(224,21): error TS17004: Cannot use JSX unless the '--jsx' flag is provided.
src/calculators/IncomeTaxCalculator.tsx(225,21): error TS17004: Cannot use JSX unless the '--jsx' flag is provided.
src/calculators/IncomeTaxCalculator.tsx(226,24): error TS17004: Cannot use JSX unless the '--jsx' flag is provided.
src/calculators/IncomeTaxCalculator.tsx(230,23): error TS17004: Cannot use JSX unless the '--jsx' flag is provided.
src/calculators/IncomeTaxCalculator.tsx(236,20): error TS17004: Cannot use JSX unless the '--jsx' flag is provided.
src/calculators/IncomeTaxCalculator.tsx(237,21): error TS17004: Cannot use JSX unless the '--jsx' flag is provided.
src/calculators/IncomeTaxCalculator.tsx(238,21): error TS17004: Cannot use JSX unless the '--jsx' flag is provided.
src/calculators/IncomeTaxCalculator.tsx(239,23): error TS17004: Cannot use JSX unless the '--jsx' flag is provided.
src/calculators/IncomeTaxCalculator.tsx(240,23): error TS17004: Cannot use JSX unless the '--jsx' flag is provided.
src/calculators/IncomeTaxCalculator.tsx(241,23): error TS17004: Cannot use JSX unless the '--jsx' flag is provided.
src/calculators/IncomeTaxCalculator.tsx(248,15): error TS17004: Cannot use JSX unless the '--jsx' flag is provided.
src/calculators/IncomeTaxCalculator.tsx(249,17): error TS17004: Cannot use JSX unless the '--jsx' flag is provided.
src/calculators/IncomeTaxCalculator.tsx(250,20): error TS17004: Cannot use JSX unless the '--jsx' flag is provided.
src/calculators/IncomeTaxCalculator.tsx(251,21): error TS17004: Cannot use JSX unless the '--jsx' flag is provided.
src/calculators/IncomeTaxCalculator.tsx(252,23): error TS17004: Cannot use JSX unless the '--jsx' flag is provided.
src/calculators/IncomeTaxCalculator.tsx(254,21): error TS17004: Cannot use JSX unless the '--jsx' flag is provided.
src/calculators/IncomeTaxCalculator.tsx(255,23): error TS17004: Cannot use JSX unless the '--jsx' flag is provided.
src/calculators/IncomeTaxCalculator.tsx(256,23): error TS17004: Cannot use JSX unless the '--jsx' flag is provided.
src/calculators/IncomeTaxCalculator.tsx(259,19): error TS17004: Cannot use JSX unless the '--jsx' flag is provided.
src/calculators/IncomeTaxCalculator.tsx(270,17): error TS17004: Cannot use JSX unless the '--jsx' flag is provided.
src/calculators/IncomeTaxCalculator.tsx(277,17): error TS17004: Cannot use JSX unless the '--jsx' flag is provided.
src/calculators/IncomeTaxCalculator.tsx(278,19): error TS17004: Cannot use JSX unless the '--jsx' flag is provided.
src/calculators/IncomeTaxCalculator.tsx(279,19): error TS17004: Cannot use JSX unless the '--jsx' flag is provided.
src/calculators/IncomeTaxCalculator.tsx(280,19): error TS17004: Cannot use JSX unless the '--jsx' flag is provided.
src/calculators/IncomeTaxCalculator.tsx(286,17): error TS17004: Cannot use JSX unless the '--jsx' flag is provided.
src/calculators/IncomeTaxCalculator.tsx(287,19): error TS17004: Cannot use JSX unless the '--jsx' flag is provided.
src/calculators/IncomeTaxCalculator.tsx(288,21): error TS17004: Cannot use JSX unless the '--jsx' flag is provided.
src/calculators/IncomeTaxCalculator.tsx(289,23): error TS17004: Cannot use JSX unless the '--jsx' flag is provided.
src/calculators/IncomeTaxCalculator.tsx(291,21): error TS17004: Cannot use JSX unless the '--jsx' flag is provided.
src/calculators/IncomeTaxCalculator.tsx(292,23): error TS17004: Cannot use JSX unless the '--jsx' flag is provided.
src/calculators/IncomeTaxCalculator.tsx(293,23): error TS17004: Cannot use JSX unless the '--jsx' flag is provided.
src/calculators/IncomeTaxCalculator.tsx(297,19): error TS17004: Cannot use JSX unless the '--jsx' flag is provided.
src/calculators/IncomeTaxCalculator.tsx(299,21): error TS17004: Cannot use JSX unless the '--jsx' flag is provided.
src/calculators/IncomeTaxCalculator.tsx(300,23): error TS17004: Cannot use JSX unless the '--jsx' flag is provided.
src/calculators/IncomeTaxCalculator.tsx(301,25): error TS17004: Cannot use JSX unless the '--jsx' flag is provided.
src/calculators/IncomeTaxCalculator.tsx(301,90): error TS17004: Cannot use JSX unless the '--jsx' flag is provided.
src/calculators/IncomeTaxCalculator.tsx(302,25): error TS17004: Cannot use JSX unless the '--jsx' flag is provided.
src/calculators/IncomeTaxCalculator.tsx(304,23): error TS17004: Cannot use JSX unless the '--jsx' flag is provided.
src/calculators/IncomeTaxCalculator.tsx(308,21): error TS17004: Cannot use JSX unless the '--jsx' flag is provided.
src/calculators/IncomeTaxCalculator.tsx(309,23): error TS17004: Cannot use JSX unless the '--jsx' flag is provided.
src/calculators/IncomeTaxCalculator.tsx(310,25): error TS17004: Cannot use JSX unless the '--jsx' flag is provided.
src/calculators/IncomeTaxCalculator.tsx(310,90): error TS17004: Cannot use JSX unless the '--jsx' flag is provided.
src/calculators/IncomeTaxCalculator.tsx(311,25): error TS17004: Cannot use JSX unless the '--jsx' flag is provided.
src/calculators/IncomeTaxCalculator.tsx(313,23): error TS17004: Cannot use JSX unless the '--jsx' flag is provided.
src/calculators/IncomeTaxCalculator.tsx(317,21): error TS17004: Cannot use JSX unless the '--jsx' flag is provided.
src/calculators/IncomeTaxCalculator.tsx(318,23): error TS17004: Cannot use JSX unless the '--jsx' flag is provided.
src/calculators/IncomeTaxCalculator.tsx(319,25): error TS17004: Cannot use JSX unless the '--jsx' flag is provided.
src/calculators/IncomeTaxCalculator.tsx(320,25): error TS17004: Cannot use JSX unless the '--jsx' flag is provided.
src/calculators/IncomeTaxCalculator.tsx(322,23): error TS17004: Cannot use JSX unless the '--jsx' flag is provided.
src/calculators/IncomeTaxCalculator.tsx(326,21): error TS17004: Cannot use JSX unless the '--jsx' flag is provided.
src/calculators/IncomeTaxCalculator.tsx(327,23): error TS17004: Cannot use JSX unless the '--jsx' flag is provided.
src/calculators/IncomeTaxCalculator.tsx(328,25): error TS17004: Cannot use JSX unless the '--jsx' flag is provided.
src/calculators/IncomeTaxCalculator.tsx(328,97): error TS17004: Cannot use JSX unless the '--jsx' flag is provided.
src/calculators/IncomeTaxCalculator.tsx(329,25): error TS17004: Cannot use JSX unless the '--jsx' flag is provided.
src/calculators/IncomeTaxCalculator.tsx(331,23): error TS17004: Cannot use JSX unless the '--jsx' flag is provided.
src/calculators/IncomeTaxCalculator.tsx(339,13): error TS17004: Cannot use JSX unless the '--jsx' flag is provided.
src/calculators/IncomeTaxCalculator.tsx(340,15): error TS17004: Cannot use JSX unless the '--jsx' flag is provided.
src/calculators/IncomeTaxCalculator.tsx(341,17): error TS17004: Cannot use JSX unless the '--jsx' flag is provided.
src/calculators/IncomeTaxCalculator.tsx(342,19): error TS17004: Cannot use JSX unless the '--jsx' flag is provided.
src/calculators/IncomeTaxCalculator.tsx(345,17): error TS17004: Cannot use JSX unless the '--jsx' flag is provided.
src/calculators/IncomeTaxCalculator.tsx(347,17): error TS17004: Cannot use JSX unless the '--jsx' flag is provided.
src/calculators/IncomeTaxCalculator.tsx(348,19): error TS17004: Cannot use JSX unless the '--jsx' flag is provided.
src/calculators/IncomeTaxCalculator.tsx(349,21): error TS17004: Cannot use JSX unless the '--jsx' flag is provided.
src/calculators/IncomeTaxCalculator.tsx(350,21): error TS17004: Cannot use JSX unless the '--jsx' flag is provided.
src/calculators/IncomeTaxCalculator.tsx(352,19): error TS17004: Cannot use JSX unless the '--jsx' flag is provided.
src/calculators/IncomeTaxCalculator.tsx(353,21): error TS17004: Cannot use JSX unless the '--jsx' flag is provided.
src/calculators/IncomeTaxCalculator.tsx(354,21): error TS17004: Cannot use JSX unless the '--jsx' flag is provided.
src/calculators/IncomeTaxCalculator.tsx(356,19): error TS17004: Cannot use JSX unless the '--jsx' flag is provided.
src/calculators/IncomeTaxCalculator.tsx(357,21): error TS17004: Cannot use JSX unless the '--jsx' flag is provided.
src/calculators/IncomeTaxCalculator.tsx(358,21): error TS17004: Cannot use JSX unless the '--jsx' flag is provided.
src/calculators/IncomeTaxCalculator.tsx(362,17): error TS17004: Cannot use JSX unless the '--jsx' flag is provided.
src/calculators/IncomeTaxCalculator.tsx(363,19): error TS17004: Cannot use JSX unless the '--jsx' flag is provided.
src/calculators/IncomeTaxCalculator.tsx(364,19): error TS17004: Cannot use JSX unless the '--jsx' flag is provided.
src/calculators/IncomeTaxCalculator.tsx(367,19): error TS17004: Cannot use JSX unless the '--jsx' flag is provided.
src/calculators/IncomeTaxCalculator.tsx(368,21): error TS17004: Cannot use JSX unless the '--jsx' flag is provided.
src/calculators/IncomeTaxCalculator.tsx(374,17): error TS17004: Cannot use JSX unless the '--jsx' flag is provided.
src/calculators/IncomeTaxCalculator.tsx(375,20): error TS17004: Cannot use JSX unless the '--jsx' flag is provided.
src/calculators/IncomeTaxCalculator.tsx(377,22): error TS17004: Cannot use JSX unless the '--jsx' flag is provided.
src/calculators/IncomeTaxCalculator.tsx(378,24): error TS17004: Cannot use JSX unless the '--jsx' flag is provided.
src/calculators/IncomeTaxCalculator.tsx(379,26): error TS17004: Cannot use JSX unless the '--jsx' flag is provided.
src/calculators/IncomeTaxCalculator.tsx(380,26): error TS17004: Cannot use JSX unless the '--jsx' flag is provided.
src/calculators/IncomeTaxCalculator.tsx(382,24): error TS17004: Cannot use JSX unless the '--jsx' flag is provided.
src/calculators/IncomeTaxCalculator.tsx(383,26): error TS17004: Cannot use JSX unless the '--jsx' flag is provided.
src/calculators/IncomeTaxCalculator.tsx(394,15): error TS17004: Cannot use JSX unless the '--jsx' flag is provided.
src/calculators/IncomeTaxCalculator.tsx(395,18): error TS17004: Cannot use JSX unless the '--jsx' flag is provided.
src/calculators/IncomeTaxCalculator.tsx(396,19): error TS17004: Cannot use JSX unless the '--jsx' flag is provided.
src/calculators/IncomeTaxCalculator.tsx(397,19): error TS17004: Cannot use JSX unless the '--jsx' flag is provided.
src/calculators/IncomeTaxCalculator.tsx(400,17): error TS17004: Cannot use JSX unless the '--jsx' flag is provided.
src/calculators/IncomeTaxCalculator.tsx(401,19): error TS17004: Cannot use JSX unless the '--jsx' flag is provided.
src/calculators/IncomeTaxCalculator.tsx(402,21): error TS17004: Cannot use JSX unless the '--jsx' flag is provided.
src/calculators/IncomeTaxCalculator.tsx(403,21): error TS17004: Cannot use JSX unless the '--jsx' flag is provided.
src/calculators/IncomeTaxCalculator.tsx(405,19): error TS17004: Cannot use JSX unless the '--jsx' flag is provided.
src/calculators/IncomeTaxCalculator.tsx(406,21): error TS17004: Cannot use JSX unless the '--jsx' flag is provided.
src/calculators/IncomeTaxCalculator.tsx(407,21): error TS17004: Cannot use JSX unless the '--jsx' flag is provided.
src/calculators/IncomeTaxCalculator.tsx(411,17): error TS17004: Cannot use JSX unless the '--jsx' flag is provided.
src/calculators/IncomeTaxCalculator.tsx(412,20): error TS17004: Cannot use JSX unless the '--jsx' flag is provided.
src/calculators/IncomeTaxCalculator.tsx(413,20): error TS17004: Cannot use JSX unless the '--jsx' flag is provided.
src/calculators/IncomeTaxCalculator.tsx(414,20): error TS17004: Cannot use JSX unless the '--jsx' flag is provided.
src/calculators/IncomeTaxCalculator.tsx(421,11): error TS17004: Cannot use JSX unless the '--jsx' flag is provided.
src/calculators/IncomeTaxCalculator.tsx(422,14): error TS17004: Cannot use JSX unless the '--jsx' flag is provided.
src/calculators/IncomeTaxCalculator.tsx(423,17): error TS17004: Cannot use JSX unless the '--jsx' flag is provided.
src/calculators/IncomeTaxCalculator.tsx(424,19): error TS17004: Cannot use JSX unless the '--jsx' flag is provided.
src/calculators/IncomeTaxCalculator.tsx(425,19): error TS17004: Cannot use JSX unless the '--jsx' flag is provided.
src/calculators/IncomeTaxCalculator.tsx(430,14): error TS17004: Cannot use JSX unless the '--jsx' flag is provided.
src/calculators/IncomeTaxCalculator.tsx(431,16): error TS17004: Cannot use JSX unless the '--jsx' flag is provided.
src/calculators/IncomeTaxCalculator.tsx(432,18): error TS17004: Cannot use JSX unless the '--jsx' flag is provided.
src/calculators/IncomeTaxCalculator.tsx(433,20): error TS17004: Cannot use JSX unless the '--jsx' flag is provided.
src/calculators/IncomeTaxCalculator.tsx(434,22): error TS17004: Cannot use JSX unless the '--jsx' flag is provided.
src/calculators/IncomeTaxCalculator.tsx(435,22): error TS17004: Cannot use JSX unless the '--jsx' flag is provided.
src/calculators/IncomeTaxCalculator.tsx(436,22): error TS17004: Cannot use JSX unless the '--jsx' flag is provided.
src/calculators/IncomeTaxCalculator.tsx(437,22): error TS17004: Cannot use JSX unless the '--jsx' flag is provided.
src/calculators/IncomeTaxCalculator.tsx(440,18): error TS17004: Cannot use JSX unless the '--jsx' flag is provided.
src/calculators/IncomeTaxCalculator.tsx(442,23): error TS17004: Cannot use JSX unless the '--jsx' flag is provided.
src/calculators/IncomeTaxCalculator.tsx(443,25): error TS17004: Cannot use JSX unless the '--jsx' flag is provided.
src/calculators/IncomeTaxCalculator.tsx(444,25): error TS17004: Cannot use JSX unless the '--jsx' flag is provided.
src/calculators/IncomeTaxCalculator.tsx(445,25): error TS17004: Cannot use JSX unless the '--jsx' flag is provided.
src/calculators/IncomeTaxCalculator.tsx(446,25): error TS17004: Cannot use JSX unless the '--jsx' flag is provided.
src/calculators/IncomeTaxCalculator.tsx(449,21): error TS17004: Cannot use JSX unless the '--jsx' flag is provided.
src/calculators/IncomeTaxCalculator.tsx(450,23): error TS17004: Cannot use JSX unless the '--jsx' flag is provided.
src/calculators/IncomeTaxCalculator.tsx(451,23): error TS17004: Cannot use JSX unless the '--jsx' flag is provided.
src/calculators/IncomeTaxCalculator.tsx(454,23): error TS17004: Cannot use JSX unless the '--jsx' flag is provided.
src/calculators/IncomeTaxCalculator.tsx(455,25): error TS17004: Cannot use JSX unless the '--jsx' flag is provided.
src/calculators/IncomeTaxCalculator.tsx(456,25): error TS17004: Cannot use JSX unless the '--jsx' flag is provided.
src/calculators/IncomeTaxCalculator.tsx(459,21): error TS17004: Cannot use JSX unless the '--jsx' flag is provided.
src/calculators/IncomeTaxCalculator.tsx(460,23): error TS17004: Cannot use JSX unless the '--jsx' flag is provided.
src/calculators/IncomeTaxCalculator.tsx(461,23): error TS17004: Cannot use JSX unless the '--jsx' flag is provided.
src/calculators/IncomeTaxCalculator.tsx(463,21): error TS17004: Cannot use JSX unless the '--jsx' flag is provided.
src/calculators/IncomeTaxCalculator.tsx(464,23): error TS17004: Cannot use JSX unless the '--jsx' flag is provided.
src/calculators/IncomeTaxCalculator.tsx(465,23): error TS17004: Cannot use JSX unless the '--jsx' flag is provided.
src/calculators/IncomeTaxCalculator.tsx(473,11): error TS17004: Cannot use JSX unless the '--jsx' flag is provided.
src/calculators/IncomeTaxCalculator.tsx(474,13): error TS17004: Cannot use JSX unless the '--jsx' flag is provided.
src/calculators/IncomeTaxCalculator.tsx(475,15): error TS17004: Cannot use JSX unless the '--jsx' flag is provided.
src/calculators/IncomeTaxCalculator.tsx(476,17): error TS17004: Cannot use JSX unless the '--jsx' flag is provided.
src/calculators/IncomeTaxCalculator.tsx(478,15): error TS17004: Cannot use JSX unless the '--jsx' flag is provided.
src/calculators/IncomeTaxCalculator.tsx(479,17): error TS17004: Cannot use JSX unless the '--jsx' flag is provided.
src/calculators/IncomeTaxCalculator.tsx(480,17): error TS17004: Cannot use JSX unless the '--jsx' flag is provided.
src/calculators/IncomeTaxCalculator.tsx(484,13): error TS17004: Cannot use JSX unless the '--jsx' flag is provided.
src/calculators/IncomeTaxCalculator.tsx(487,14): error TS17004: Cannot use JSX unless the '--jsx' flag is provided.
src/calculators/IncomeTaxCalculator.tsx(488,17): error TS17004: Cannot use JSX unless the '--jsx' flag is provided.
src/calculators/IncomeTaxCalculator.tsx(489,20): error TS17004: Cannot use JSX unless the '--jsx' flag is provided.
src/calculators/IncomeTaxCalculator.tsx(490,22): error TS17004: Cannot use JSX unless the '--jsx' flag is provided.
src/calculators/IncomeTaxCalculator.tsx(493,20): error TS17004: Cannot use JSX unless the '--jsx' flag is provided.
src/calculators/IncomeTaxCalculator.tsx(494,22): error TS17004: Cannot use JSX unless the '--jsx' flag is provided.
src/calculators/IncomeTaxCalculator.tsx(494,35): error TS17004: Cannot use JSX unless the '--jsx' flag is provided.
src/calculators/IncomeTaxCalculator.tsx(495,22): error TS17004: Cannot use JSX unless the '--jsx' flag is provided.
src/calculators/IncomeTaxCalculator.tsx(496,24): error TS17004: Cannot use JSX unless the '--jsx' flag is provided.
src/calculators/IncomeTaxCalculator.tsx(497,26): error TS17004: Cannot use JSX unless the '--jsx' flag is provided.
src/calculators/IncomeTaxCalculator.tsx(498,26): error TS17004: Cannot use JSX unless the '--jsx' flag is provided.
src/calculators/IncomeTaxCalculator.tsx(498,32): error TS17004: Cannot use JSX unless the '--jsx' flag is provided.
src/calculators/IncomeTaxCalculator.tsx(500,24): error TS17004: Cannot use JSX unless the '--jsx' flag is provided.
src/calculators/IncomeTaxCalculator.tsx(501,26): error TS17004: Cannot use JSX unless the '--jsx' flag is provided.
src/calculators/IncomeTaxCalculator.tsx(502,26): error TS17004: Cannot use JSX unless the '--jsx' flag is provided.
src/calculators/IncomeTaxCalculator.tsx(502,32): error TS17004: Cannot use JSX unless the '--jsx' flag is provided.
src/calculators/IncomeTaxCalculator.tsx(504,24): error TS17004: Cannot use JSX unless the '--jsx' flag is provided.
src/calculators/IncomeTaxCalculator.tsx(505,26): error TS17004: Cannot use JSX unless the '--jsx' flag is provided.
src/calculators/IncomeTaxCalculator.tsx(506,26): error TS17004: Cannot use JSX unless the '--jsx' flag is provided.
src/calculators/IncomeTaxCalculator.tsx(506,32): error TS17004: Cannot use JSX unless the '--jsx' flag is provided.
src/calculators/IncomeTaxCalculator.tsx(508,24): error TS17004: Cannot use JSX unless the '--jsx' flag is provided.
src/calculators/IncomeTaxCalculator.tsx(509,26): error TS17004: Cannot use JSX unless the '--jsx' flag is provided.
src/calculators/IncomeTaxCalculator.tsx(510,26): error TS17004: Cannot use JSX unless the '--jsx' flag is provided.
src/calculators/IncomeTaxCalculator.tsx(516,17): error TS17004: Cannot use JSX unless the '--jsx' flag is provided.
src/calculators/IncomeTaxCalculator.tsx(517,20): error TS17004: Cannot use JSX unless the '--jsx' flag is provided.
src/calculators/IncomeTaxCalculator.tsx(518,22): error TS17004: Cannot use JSX unless the '--jsx' flag is provided.
src/calculators/IncomeTaxCalculator.tsx(521,20): error TS17004: Cannot use JSX unless the '--jsx' flag is provided.
src/calculators/IncomeTaxCalculator.tsx(522,20): error TS17004: Cannot use JSX unless the '--jsx' flag is provided.
src/calculators/IncomeTaxCalculator.tsx(523,23): error TS17004: Cannot use JSX unless the '--jsx' flag is provided.
src/calculators/IncomeTaxCalculator.tsx(524,25): error TS17004: Cannot use JSX unless the '--jsx' flag is provided.
src/calculators/IncomeTaxCalculator.tsx(525,27): error TS17004: Cannot use JSX unless the '--jsx' flag is provided.
src/calculators/IncomeTaxCalculator.tsx(526,29): error TS17004: Cannot use JSX unless the '--jsx' flag is provided.
src/calculators/IncomeTaxCalculator.tsx(527,29): error TS17004: Cannot use JSX unless the '--jsx' flag is provided.
src/calculators/IncomeTaxCalculator.tsx(530,25): error TS17004: Cannot use JSX unless the '--jsx' flag is provided.
src/calculators/IncomeTaxCalculator.tsx(531,27): error TS17004: Cannot use JSX unless the '--jsx' flag is provided.
src/calculators/IncomeTaxCalculator.tsx(531,31): error TS17004: Cannot use JSX unless the '--jsx' flag is provided.
src/calculators/IncomeTaxCalculator.tsx(531,70): error TS17004: Cannot use JSX unless the '--jsx' flag is provided.
src/calculators/IncomeTaxCalculator.tsx(532,27): error TS17004: Cannot use JSX unless the '--jsx' flag is provided.
src/calculators/IncomeTaxCalculator.tsx(532,31): error TS17004: Cannot use JSX unless the '--jsx' flag is provided.
src/calculators/IncomeTaxCalculator.tsx(532,70): error TS17004: Cannot use JSX unless the '--jsx' flag is provided.
src/calculators/IncomeTaxCalculator.tsx(533,27): error TS17004: Cannot use JSX unless the '--jsx' flag is provided.
src/calculators/IncomeTaxCalculator.tsx(533,31): error TS17004: Cannot use JSX unless the '--jsx' flag is provided.
src/calculators/IncomeTaxCalculator.tsx(533,70): error TS17004: Cannot use JSX unless the '--jsx' flag is provided.
src/calculators/IncomeTaxCalculator.tsx(534,27): error TS17004: Cannot use JSX unless the '--jsx' flag is provided.
src/calculators/IncomeTaxCalculator.tsx(534,31): error TS17004: Cannot use JSX unless the '--jsx' flag is provided.
src/calculators/IncomeTaxCalculator.tsx(534,82): error TS17004: Cannot use JSX unless the '--jsx' flag is provided.
src/calculators/IncomeTaxCalculator.tsx(538,20): error TS17004: Cannot use JSX unless the '--jsx' flag is provided.
src/calculators/IncomeTaxCalculator.tsx(545,9): error TS17004: Cannot use JSX unless the '--jsx' flag is provided.
src/calculators/IncomeTaxCalculator.tsx(546,11): error TS17004: Cannot use JSX unless the '--jsx' flag is provided.
src/calculators/IncomeTaxCalculator.tsx(547,14): error TS17004: Cannot use JSX unless the '--jsx' flag is provided.
src/calculators/IncomeTaxCalculator.tsx(548,16): error TS17004: Cannot use JSX unless the '--jsx' flag is provided.
src/calculators/IncomeTaxCalculator.tsx(550,14): error TS17004: Cannot use JSX unless the '--jsx' flag is provided.
src/calculators/IncomeTaxCalculator.tsx(551,14): error TS17004: Cannot use JSX unless the '--jsx' flag is provided.
src/calculators/IncomeTaxCalculator.tsx(552,59): error TS17004: Cannot use JSX unless the '--jsx' flag is provided.
src/calculators/IncomeTaxCalculator.tsx(554,14): error TS17004: Cannot use JSX unless the '--jsx' flag is provided.
src/calculators/IncomeTaxCalculator.tsx(555,17): error TS17004: Cannot use JSX unless the '--jsx' flag is provided.
src/calculators/IncomeTaxCalculator.tsx(556,17): error TS17004: Cannot use JSX unless the '--jsx' flag is provided.
src/calculators/IncomeTaxCalculator.tsx(557,17): error TS17004: Cannot use JSX unless the '--jsx' flag is provided.
